72-vocab confirm: HF=84 HS=32 E=28 wideH=106 steps=16000
train 19,675,263 val 382,739
    step      0 ppl 70.429 t1 0.028 best 70.429@0 (0s)
    step   1000 ppl 6.089 t1 0.492 best 6.089@1000 (9s)
    step   2000 ppl 5.540 t1 0.518 best 5.540@2000 (17s)
    step   3000 ppl 5.351 t1 0.526 best 5.351@3000 (26s)
    step   4000 ppl 5.280 t1 0.530 best 5.280@4000 (35s)
    step   5000 ppl 5.227 t1 0.533 best 5.227@5000 (43s)
    step   6000 ppl 5.198 t1 0.533 best 5.198@6000 (51s)
    step   7000 ppl 5.196 t1 0.533 best 5.196@7000 (59s)
    step   8000 ppl 5.193 t1 0.533 best 5.193@8000 (67s)
    step   9000 ppl 5.141 t1 0.536 best 5.141@9000 (75s)
    step  10000 ppl 5.115 t1 0.536 best 5.115@10000 (83s)
    step  11000 ppl 5.091 t1 0.538 best 5.091@11000 (91s)
    step  12000 ppl 5.069 t1 0.539 best 5.069@12000 (99s)
    step  13000 ppl 5.051 t1 0.541 best 5.051@13000 (107s)
    step  14000 ppl 5.046 t1 0.541 best 5.046@14000 (116s)
    step  15000 ppl 5.041 t1 0.541 best 5.041@15000 (124s)
    step  15999 ppl 5.039 t1 0.541 best 5.039@15999 (133s)
C:\Users\Timeroot\AppData\Local\Packages\PythonSoftwareFoundation.Python.3.13_qbz5n2kfra8p0\LocalCache\local-packages\Python313\site-packages\torch\nn\modules\rnn.py:1415: UserWarning: RNN module weights are not part of single contiguous chunk of memory. This means they need to be compacted at every call, possibly greatly increasing memory usage. To compact weights again call flatten_parameters(). (Triggered internally at C:\actions-runner\_work\pytorch\pytorch\pytorch\aten\src\ATen\native\cudnn\RNN.cpp:1480.)
  result = _VF.gru(
DONE single_wide72: float ppl 5.0176 t1 0.5422 t3 0.7463 | int8 ppl 5.0211 t1 0.5422 | params 54k state 106 macC 52k (135s)
    step      0 ppl 72.405 t1 0.019 best 72.405@0 (1s)
    step   1000 ppl 6.050 t1 0.488 best 6.050@1000 (96s)
    step   2000 ppl 5.515 t1 0.516 best 5.515@2000 (187s)
    step   3000 ppl 5.327 t1 0.525 best 5.327@3000 (279s)
    step   4000 ppl 5.249 t1 0.528 best 5.249@4000 (374s)
    step   5000 ppl 5.181 t1 0.531 best 5.181@5000 (470s)
    step   6000 ppl 5.155 t1 0.532 best 5.155@6000 (561s)
    step   7000 ppl 5.151 t1 0.532 best 5.151@7000 (656s)
    step   8000 ppl 5.128 t1 0.533 best 5.128@8000 (748s)
    step   9000 ppl 5.085 t1 0.536 best 5.085@9000 (842s)
    step  10000 ppl 5.069 t1 0.536 best 5.069@10000 (936s)
    step  11000 ppl 5.037 t1 0.538 best 5.037@11000 (1039s)
    step  12000 ppl 5.018 t1 0.539 best 5.018@12000 (1137s)
    step  13000 ppl 5.002 t1 0.540 best 5.002@13000 (1229s)
    step  14000 ppl 4.996 t1 0.540 best 4.996@14000 (1321s)
    step  15000 ppl 4.995 t1 0.541 best 4.995@15000 (1418s)
    step  15999 ppl 4.992 t1 0.541 best 4.992@15999 (1514s)
DONE tt_gru72: float ppl 4.9765 t1 0.5413 t3 0.7480 | int8 ppl 4.9833 t1 0.5415 | params 52k state 116 macC 38k (1518s)
