device: cuda V: 72 cfg HF 84 HS 32 E 28 skip True
train 19,625,263  val 432,739 symbols
blob bytes 63936 (int8 49728 + f32 14208)  state 116f macC 38592 macW 11136
loaded teacher (T=1.5 a=0.30)

Train student max_steps=24000 aux=False distill=True
  [deploy] step      0 lr 2.00e-03 auxw 0.000 | val ppl 72.216 t1 0.019 t3 0.048 | best 72.216@0 (1s)
  [deploy] step   1000 lr 1.96e-03 auxw 0.000 | val ppl 5.838 t1 0.494 t3 0.713 | best 5.838@1000 (66s)
  [deploy] step   2000 lr 1.84e-03 auxw 0.000 | val ppl 5.265 t1 0.520 t3 0.736 | best 5.265@2000 (131s)
  [deploy] step   3000 lr 1.65e-03 auxw 0.000 | val ppl 5.091 t1 0.528 t3 0.743 | best 5.091@3000 (197s)
  [deploy] step   4000 lr 1.40e-03 auxw 0.000 | val ppl 4.984 t1 0.534 t3 0.746 | best 4.984@4000 (263s)
  [deploy] step   5000 lr 1.12e-03 auxw 0.000 | val ppl 4.941 t1 0.536 t3 0.748 | best 4.941@5000 (328s)
  [deploy] step   6000 lr 8.38e-04 auxw 0.000 | val ppl 4.889 t1 0.540 t3 0.750 | best 4.889@6000 (395s)
  [deploy] step   7000 lr 5.66e-04 auxw 0.000 | val ppl 4.852 t1 0.542 t3 0.752 | best 4.852@7000 (460s)
  [deploy] step   8000 lr 3.31e-04 auxw 0.000 | val ppl 4.844 t1 0.542 t3 0.752 | best 4.844@8000 (526s)
  [deploy] step   9000 lr 1.53e-04 auxw 0.000 | val ppl 4.836 t1 0.543 t3 0.753 | best 4.836@9000 (591s)
  [deploy] step  10000 lr 4.67e-05 auxw 0.000 | val ppl 4.827 t1 0.543 t3 0.753 | best 4.827@10000 (659s)
  [deploy] step  11000 lr 1.20e-03 auxw 0.000 | val ppl 4.849 t1 0.542 t3 0.752 | best 4.827@10000 (724s)
  [deploy] step  12000 lr 1.18e-03 auxw 0.000 | val ppl 4.826 t1 0.541 t3 0.752 | best 4.826@12000 (791s)
  [deploy] step  13000 lr 1.12e-03 auxw 0.000 | val ppl 4.792 t1 0.542 t3 0.755 | best 4.792@13000 (858s)
  [deploy] step  14000 lr 1.04e-03 auxw 0.000 | val ppl 4.778 t1 0.543 t3 0.756 | best 4.778@14000 (923s)
  [deploy] step  15000 lr 9.29e-04 auxw 0.000 | val ppl 4.763 t1 0.544 t3 0.756 | best 4.763@15000 (990s)
  [deploy] step  16000 lr 8.03e-04 auxw 0.000 | val ppl 4.748 t1 0.545 t3 0.756 | best 4.748@16000 (1055s)
  [deploy] step  17000 lr 6.66e-04 auxw 0.000 | val ppl 4.732 t1 0.545 t3 0.757 | best 4.732@17000 (1121s)
  [deploy] step  18000 lr 5.26e-04 auxw 0.000 | val ppl 4.728 t1 0.546 t3 0.757 | best 4.728@18000 (1187s)
  [deploy] step  19000 lr 3.91e-04 auxw 0.000 | val ppl 4.714 t1 0.547 t3 0.758 | best 4.714@19000 (1253s)
  [deploy] step  20000 lr 2.68e-04 auxw 0.000 | val ppl 4.707 t1 0.547 t3 0.757 | best 4.707@20000 (1319s)
  [deploy] step  21000 lr 1.64e-04 auxw 0.000 | val ppl 4.704 t1 0.548 t3 0.758 | best 4.704@21000 (1386s)
  [deploy] step  22000 lr 8.56e-05 auxw 0.000 | val ppl 4.706 t1 0.547 t3 0.758 | best 4.704@21000 (1451s)
  [deploy] step  23000 lr 3.66e-05 auxw 0.000 | val ppl 4.703 t1 0.548 t3 0.758 | best 4.703@23000 (1517s)
  [deploy] step  23999 lr 2.00e-05 auxw 0.000 | val ppl 4.699 t1 0.548 t3 0.758 | best 4.699@23999 (1583s)

---- held-out metrics (best checkpoint) ----
best @ step 23999
float : ppl 4.6960 top1 0.5475 top3 0.7585
int8  : ppl 4.8785 top1 0.5393 top3 0.7496

exported nn_weights.bin = 63936 B on flash (ends 0x5F9C0 < 0x60000)
