nn_460k base float ppl 3.380 t1 0.633
C:\Users\Timeroot\AppData\Local\Packages\PythonSoftwareFoundation.Python.3.13_qbz5n2kfra8p0\LocalCache\local-packages\Python313\site-packages\torch\nn\modules\rnn.py:1415: UserWarning: RNN module weights are not part of single contiguous chunk of memory. This means they need to be compacted at every call, possibly greatly increasing memory usage. To compact weights again call flatten_parameters(). (Triggered internally at C:\actions-runner\_work\pytorch\pytorch\pytorch\aten\src\ATen\native\cudnn\RNN.cpp:1480.)
  result = _VF.gru(
  step      0 s=0.000 nz=440448  468.2KB | float 3.380 int8 3.380 t1 0.633 (9s)
  step   2500 s=0.035 nz=425116  453.2KB | float 3.413 int8 3.416 t1 0.630 (370s)
  step   5000 s=0.196 nz=354106  383.9KB | float 3.435 int8 3.436 t1 0.628 (728s)
  step   7500 s=0.337 nz=292071  323.3KB | float 3.463 int8 3.462 t1 0.624 (1088s)
  step  10000 s=0.459 nz=238406  270.9KB | float 3.553 int8 3.558 t1 0.616 (1447s)
  step  12500 s=0.563 nz=192504  226.1KB | float 3.651 int8 3.654 t1 0.609 (1804s)
  step  15000 s=0.651 nz=153758  188.2KB | float 3.753 int8 3.756 t1 0.604 (2162s)
  step  17500 s=0.724 nz=121562  156.8KB | float 3.862 int8 3.864 t1 0.596 (2523s)
  step  20000 s=0.784 nz=95310  131.1KB | float 3.999 int8 3.998 t1 0.587 (2887s)
  step  22500 s=0.831 nz=74395  110.7KB | float 4.221 int8 4.224 t1 0.569 (3209s)
  step  25000 s=0.868 nz=58210   94.9KB | float 4.410 int8 4.410 t1 0.563 (3512s)
  step  27500 s=0.895 nz=46149   83.1KB | float 4.576 int8 4.576 t1 0.545 (3843s)
  step  30000 s=0.915 nz=37606   74.8KB | float 4.832 int8 4.829 t1 0.536 (4159s)
  step  32500 s=0.927 nz=31974   69.3KB | float 5.040 int8 5.038 t1 0.524 (4472s)
  step  35000 s=0.935 nz=28646   66.0KB | float 4.947 int8 4.949 t1 0.528 (4768s)
  step  37500 s=0.939 nz=27017   64.4KB | float 4.976 int8 4.978 t1 0.527 (5023s)
  step  40000 s=0.940 nz=26479   63.9KB | float 4.940 int8 4.946 t1 0.531 (5275s)
  step  42500 s=0.940 nz=26427   63.9KB | float 4.910 int8 4.911 t1 0.532 (5524s)
  step  45000 s=0.940 nz=26427   63.9KB | float 4.909 int8 4.910 t1 0.532 (5781s)
lottery anneal done (5781s)
