=== pke_chain start Thu Sep 10 17:39:46 EDT 2026 ===
device cuda torch 2.10.0+cu130
train 19,625,263 val 432,739  eval 200x400 = 80,000 positions

=== PHASE standalone (15000 steps) ===
  RUN  standalone/mlp_head_k7_D32_H256_L2/seed0 (steps=15000 B=512 L=96)
    [mlp_head_k7_D32_H256_L2] step 0/15000 loss 4.243 ppl 69.62 (0s)
    [mlp_head_k7_D32_H256_L2] step 1875/15000 loss 2.484 ppl 11.99 (16s)
    [mlp_head_k7_D32_H256_L2] step 3750/15000 loss 2.438 ppl 11.45 (34s)
    [mlp_head_k7_D32_H256_L2] step 5625/15000 loss 2.419 ppl 11.24 (55s)
    [mlp_head_k7_D32_H256_L2] step 7500/15000 loss 2.411 ppl 11.15 (76s)
    [mlp_head_k7_D32_H256_L2] step 9375/15000 loss 2.403 ppl 11.05 (97s)
    [mlp_head_k7_D32_H256_L2] step 11250/15000 loss 2.402 ppl 11.05 (118s)
    [mlp_head_k7_D32_H256_L2] step 13125/15000 loss 2.407 ppl 11.10 (140s)
  DONE standalone/mlp_head_k7_D32_H256_L2/seed0: 103.6KB (i8 92.3+pke 0.00+f32 11.3) float 11.221 int8 ppl 11.243 t1 0.347 t3 0.555 [appended]
  RUN  standalone/pke_sum_k4_D32_H256_L2/seed0 (steps=15000 B=512 L=96)
    [pke_sum_k4_D32_H256_L2] step 0/15000 loss 4.295 ppl 73.33 (0s)
    [pke_sum_k4_D32_H256_L2] step 1875/15000 loss 1.648 ppl 5.19 (20s)
    [pke_sum_k4_D32_H256_L2] step 3750/15000 loss 1.586 ppl 4.88 (42s)
    [pke_sum_k4_D32_H256_L2] step 5625/15000 loss 1.573 ppl 4.82 (63s)
    [pke_sum_k4_D32_H256_L2] step 7500/15000 loss 1.557 ppl 4.74 (84s)
    [pke_sum_k4_D32_H256_L2] step 9375/15000 loss 1.543 ppl 4.68 (105s)
    [pke_sum_k4_D32_H256_L2] step 11250/15000 loss 1.547 ppl 4.70 (126s)
    [pke_sum_k4_D32_H256_L2] step 13125/15000 loss 1.550 ppl 4.71 (147s)
  DONE standalone/pke_sum_k4_D32_H256_L2/seed0: 112.6KB (i8 92.3+pke 18.00+f32 2.3) float 4.781 int8 ppl 4.798 t1 0.542 t3 0.761 [appended]
  RUN  standalone/pke_sum_k7_D16_H256_L2/seed0 (steps=15000 B=512 L=96)
    [pke_sum_k7_D16_H256_L2] step 0/15000 loss 4.276 ppl 71.93 (0s)
    [pke_sum_k7_D16_H256_L2] step 1875/15000 loss 1.693 ppl 5.44 (27s)
    [pke_sum_k7_D16_H256_L2] step 3750/15000 loss 1.633 ppl 5.12 (53s)
    [pke_sum_k7_D16_H256_L2] step 5625/15000 loss 1.614 ppl 5.02 (79s)
    [pke_sum_k7_D16_H256_L2] step 7500/15000 loss 1.576 ppl 4.84 (106s)
    [pke_sum_k7_D16_H256_L2] step 9375/15000 loss 1.555 ppl 4.73 (132s)
    [pke_sum_k7_D16_H256_L2] step 11250/15000 loss 1.539 ppl 4.66 (159s)
    [pke_sum_k7_D16_H256_L2] step 13125/15000 loss 1.559 ppl 4.76 (185s)
  DONE standalone/pke_sum_k7_D16_H256_L2/seed0: 106.3KB (i8 88.3+pke 15.75+f32 2.3) float 4.786 int8 ppl 4.803 t1 0.550 t3 0.761 [appended]
  RUN  standalone/pke_sum_k7_D32_H256_L2/seed0 (steps=15000 B=512 L=96)
    [pke_sum_k7_D32_H256_L2] step 0/15000 loss 4.281 ppl 72.34 (0s)
    [pke_sum_k7_D32_H256_L2] step 1875/15000 loss 1.610 ppl 5.00 (27s)
    [pke_sum_k7_D32_H256_L2] step 3750/15000 loss 1.549 ppl 4.71 (54s)
    [pke_sum_k7_D32_H256_L2] step 5625/15000 loss 1.520 ppl 4.57 (81s)
    [pke_sum_k7_D32_H256_L2] step 7500/15000 loss 1.499 ppl 4.48 (108s)
    [pke_sum_k7_D32_H256_L2] step 9375/15000 loss 1.522 ppl 4.58 (135s)
    [pke_sum_k7_D32_H256_L2] step 11250/15000 loss 1.483 ppl 4.41 (162s)
    [pke_sum_k7_D32_H256_L2] step 13125/15000 loss 1.495 ppl 4.46 (190s)
  DONE standalone/pke_sum_k7_D32_H256_L2/seed0: 126.1KB (i8 92.3+pke 31.50+f32 2.3) float 4.508 int8 ppl 4.513 t1 0.563 t3 0.770 [appended]
  RUN  standalone/pke_sum_k12_D16_H256_L2/seed0 (steps=15000 B=512 L=96)
    [pke_sum_k12_D16_H256_L2] step 0/15000 loss 4.274 ppl 71.84 (0s)
    [pke_sum_k12_D16_H256_L2] step 1875/15000 loss 1.720 ppl 5.58 (41s)
    [pke_sum_k12_D16_H256_L2] step 3750/15000 loss 1.614 ppl 5.02 (82s)
    [pke_sum_k12_D16_H256_L2] step 5625/15000 loss 1.577 ppl 4.84 (123s)
    [pke_sum_k12_D16_H256_L2] step 7500/15000 loss 1.540 ppl 4.67 (164s)
    [pke_sum_k12_D16_H256_L2] step 9375/15000 loss 1.547 ppl 4.70 (205s)
    [pke_sum_k12_D16_H256_L2] step 11250/15000 loss 1.544 ppl 4.68 (246s)
    [pke_sum_k12_D16_H256_L2] step 13125/15000 loss 1.526 ppl 4.60 (287s)
  DONE standalone/pke_sum_k12_D16_H256_L2/seed0: 117.6KB (i8 88.3+pke 27.00+f32 2.3) float 4.720 int8 ppl 4.730 t1 0.553 t3 0.764 [appended]
  RUN  standalone/pke_sum_k12_D32_H256_L2/seed0 (steps=15000 B=512 L=96)
    [pke_sum_k12_D32_H256_L2] step 0/15000 loss 4.282 ppl 72.35 (0s)
    [pke_sum_k12_D32_H256_L2] step 1875/15000 loss 1.612 ppl 5.01 (42s)
    [pke_sum_k12_D32_H256_L2] step 3750/15000 loss 1.548 ppl 4.70 (84s)
    [pke_sum_k12_D32_H256_L2] step 5625/15000 loss 1.507 ppl 4.51 (126s)
    [pke_sum_k12_D32_H256_L2] step 7500/15000 loss 1.482 ppl 4.40 (168s)
    [pke_sum_k12_D32_H256_L2] step 9375/15000 loss 1.504 ppl 4.50 (211s)
    [pke_sum_k12_D32_H256_L2] step 11250/15000 loss 1.490 ppl 4.44 (253s)
    [pke_sum_k12_D32_H256_L2] step 13125/15000 loss 1.455 ppl 4.28 (295s)
  DONE standalone/pke_sum_k12_D32_H256_L2/seed0: 148.6KB (i8 92.3+pke 54.00+f32 2.3) float 4.417 int8 ppl 4.442 t1 0.568 t3 0.774 [appended]
  RUN  standalone/pke_cat_k4_D16_H256_L2/seed0 (steps=15000 B=512 L=96)
    [pke_cat_k4_D16_H256_L2] step 0/15000 loss 4.259 ppl 70.74 (0s)
    [pke_cat_k4_D16_H256_L2] step 1875/15000 loss 1.598 ppl 4.94 (20s)
    [pke_cat_k4_D16_H256_L2] step 3750/15000 loss 1.570 ppl 4.80 (41s)
    [pke_cat_k4_D16_H256_L2] step 5625/15000 loss 1.530 ppl 4.62 (61s)
    [pke_cat_k4_D16_H256_L2] step 7500/15000 loss 1.530 ppl 4.62 (82s)
    [pke_cat_k4_D16_H256_L2] step 9375/15000 loss 1.524 ppl 4.59 (103s)
    [pke_cat_k4_D16_H256_L2] step 11250/15000 loss 1.500 ppl 4.48 (123s)
    [pke_cat_k4_D16_H256_L2] step 13125/15000 loss 1.501 ppl 4.49 (143s)
  DONE standalone/pke_cat_k4_D16_H256_L2/seed0: 111.6KB (i8 100.3+pke 9.00+f32 2.3) float 4.735 int8 ppl 4.743 t1 0.544 t3 0.767 [appended]
  RUN  standalone/pke_cat_k4_D32_H256_L2/seed0 (steps=15000 B=512 L=96)
    [pke_cat_k4_D32_H256_L2] step 0/15000 loss 4.275 ppl 71.85 (0s)
    [pke_cat_k4_D32_H256_L2] step 1875/15000 loss 1.581 ppl 4.86 (21s)
    [pke_cat_k4_D32_H256_L2] step 3750/15000 loss 1.533 ppl 4.63 (42s)
    [pke_cat_k4_D32_H256_L2] step 5625/15000 loss 1.518 ppl 4.56 (63s)
    [pke_cat_k4_D32_H256_L2] step 7500/15000 loss 1.507 ppl 4.51 (83s)
    [pke_cat_k4_D32_H256_L2] step 9375/15000 loss 1.503 ppl 4.49 (104s)
    [pke_cat_k4_D32_H256_L2] step 11250/15000 loss 1.504 ppl 4.50 (125s)
    [pke_cat_k4_D32_H256_L2] step 13125/15000 loss 1.499 ppl 4.48 (146s)
  DONE standalone/pke_cat_k4_D32_H256_L2/seed0: 136.6KB (i8 116.3+pke 18.00+f32 2.3) float 4.639 int8 ppl 4.647 t1 0.545 t3 0.768 [appended]
  RUN  standalone/pke_cat_k7_D8_H256_L2/seed0 (steps=15000 B=512 L=96)
    [pke_cat_k7_D8_H256_L2] step 0/15000 loss 4.285 ppl 72.61 (0s)
    [pke_cat_k7_D8_H256_L2] step 1875/15000 loss 1.613 ppl 5.02 (26s)
    [pke_cat_k7_D8_H256_L2] step 3750/15000 loss 1.556 ppl 4.74 (52s)
    [pke_cat_k7_D8_H256_L2] step 5625/15000 loss 1.535 ppl 4.64 (77s)
    [pke_cat_k7_D8_H256_L2] step 7500/15000 loss 1.504 ppl 4.50 (103s)
    [pke_cat_k7_D8_H256_L2] step 9375/15000 loss 1.514 ppl 4.54 (128s)
    [pke_cat_k7_D8_H256_L2] step 11250/15000 loss 1.489 ppl 4.43 (154s)
    [pke_cat_k7_D8_H256_L2] step 13125/15000 loss 1.479 ppl 4.39 (180s)
  DONE standalone/pke_cat_k7_D8_H256_L2/seed0: 108.4KB (i8 98.3+pke 7.88+f32 2.3) float 4.563 int8 ppl 4.569 t1 0.562 t3 0.769 [appended]
  RUN  standalone/pke_cat_k7_D16_H256_L2/seed0 (steps=15000 B=512 L=96)
    [pke_cat_k7_D16_H256_L2] step 0/15000 loss 4.278 ppl 72.12 (0s)
    [pke_cat_k7_D16_H256_L2] step 1875/15000 loss 1.567 ppl 4.79 (26s)
    [pke_cat_k7_D16_H256_L2] step 3750/15000 loss 1.489 ppl 4.43 (52s)
    [pke_cat_k7_D16_H256_L2] step 5625/15000 loss 1.472 ppl 4.36 (78s)
    [pke_cat_k7_D16_H256_L2] step 7500/15000 loss 1.456 ppl 4.29 (104s)
    [pke_cat_k7_D16_H256_L2] step 9375/15000 loss 1.468 ppl 4.34 (131s)
    [pke_cat_k7_D16_H256_L2] step 11250/15000 loss 1.467 ppl 4.34 (157s)
    [pke_cat_k7_D16_H256_L2] step 13125/15000 loss 1.467 ppl 4.34 (183s)
  DONE standalone/pke_cat_k7_D16_H256_L2/seed0: 130.3KB (i8 112.3+pke 15.75+f32 2.3) float 4.380 int8 ppl 4.388 t1 0.570 t3 0.775 [appended]
  RUN  standalone/pke_cat_k12_D8_H256_L2/seed0 (steps=15000 B=512 L=96)
    [pke_cat_k12_D8_H256_L2] step 0/15000 loss 4.273 ppl 71.77 (0s)
    [pke_cat_k12_D8_H256_L2] step 1875/15000 loss 1.619 ppl 5.05 (40s)
    [pke_cat_k12_D8_H256_L2] step 3750/15000 loss 1.549 ppl 4.71 (80s)
    [pke_cat_k12_D8_H256_L2] step 5625/15000 loss 1.510 ppl 4.53 (120s)
    [pke_cat_k12_D8_H256_L2] step 7500/15000 loss 1.493 ppl 4.45 (161s)
    [pke_cat_k12_D8_H256_L2] step 9375/15000 loss 1.509 ppl 4.52 (201s)
    [pke_cat_k12_D8_H256_L2] step 11250/15000 loss 1.486 ppl 4.42 (241s)
    [pke_cat_k12_D8_H256_L2] step 13125/15000 loss 1.509 ppl 4.52 (281s)
  DONE standalone/pke_cat_k12_D8_H256_L2/seed0: 124.1KB (i8 108.3+pke 13.50+f32 2.3) float 4.500 int8 ppl 4.510 t1 0.565 t3 0.771 [appended]
  RUN  standalone/pke_sum_k7_D16_H128_L1/seed0 (steps=15000 B=512 L=96)
    [pke_sum_k7_D16_H128_L1] step 0/15000 loss 4.280 ppl 72.22 (0s)
    [pke_sum_k7_D16_H128_L1] step 1875/15000 loss 1.951 ppl 7.03 (21s)
    [pke_sum_k7_D16_H128_L1] step 3750/15000 loss 1.912 ppl 6.77 (42s)
    [pke_sum_k7_D16_H128_L1] step 5625/15000 loss 1.867 ppl 6.47 (63s)
    [pke_sum_k7_D16_H128_L1] step 7500/15000 loss 1.885 ppl 6.59 (84s)
    [pke_sum_k7_D16_H128_L1] step 9375/15000 loss 1.858 ppl 6.41 (105s)
    [pke_sum_k7_D16_H128_L1] step 11250/15000 loss 1.858 ppl 6.41 (125s)
    [pke_sum_k7_D16_H128_L1] step 13125/15000 loss 1.842 ppl 6.31 (146s)
  DONE standalone/pke_sum_k7_D16_H128_L1/seed0: 28.3KB (i8 11.8+pke 15.75+f32 0.8) float 6.778 int8 ppl 6.799 t1 0.459 t3 0.685 [appended]
  RUN  standalone/pke_sum_k7_D32_H512_L3/seed0 (steps=15000 B=512 L=96)
    [pke_sum_k7_D32_H512_L3] step 0/15000 loss 4.265 ppl 71.14 (0s)
    [pke_sum_k7_D32_H512_L3] step 1875/15000 loss 1.457 ppl 4.29 (59s)
    [pke_sum_k7_D32_H512_L3] step 3750/15000 loss 1.362 ppl 3.90 (119s)
    [pke_sum_k7_D32_H512_L3] step 5625/15000 loss 1.349 ppl 3.85 (177s)
    [pke_sum_k7_D32_H512_L3] step 7500/15000 loss 1.306 ppl 3.69 (233s)
    [pke_sum_k7_D32_H512_L3] step 9375/15000 loss 1.316 ppl 3.73 (290s)
    [pke_sum_k7_D32_H512_L3] step 11250/15000 loss 1.297 ppl 3.66 (347s)
    [pke_sum_k7_D32_H512_L3] step 13125/15000 loss 1.295 ppl 3.65 (403s)
  DONE standalone/pke_sum_k7_D32_H512_L3/seed0: 608.1KB (i8 570.3+pke 31.50+f32 6.3) float 3.814 int8 ppl 3.822 t1 0.610 t3 0.804 [appended]
run_pke: all requested work complete.
device cuda torch 2.10.0+cu130
train 19,625,263 val 432,739  eval 200x400 = 80,000 positions

=== PHASE gru (10000 steps) ===
  size s100: HF96 HS40 E40 FL1 -> 84.8KB
  size s170: HF152 HS64 E48 FL1 -> 172.3KB
  size s260: HF208 HS80 E56 FL1 -> 282.4KB
  size s360: HF272 HS96 E64 FL1 -> 437.4KB
  RUN  gru/base_s100/seed0 (steps=10000 B=512 L=96)
    [base_s100] step 0/10000 loss 4.339 ppl 76.64 (0s)
    [base_s100] step 1250/10000 loss 1.627 ppl 5.09 (178s)
    [base_s100] step 2500/10000 loss 1.553 ppl 4.73 (348s)
    [base_s100] step 3750/10000 loss 1.511 ppl 4.53 (518s)
    [base_s100] step 5000/10000 loss 1.523 ppl 4.58 (690s)
    [base_s100] step 6250/10000 loss 1.509 ppl 4.52 (863s)
    [base_s100] step 7500/10000 loss 1.500 ppl 4.48 (1035s)
    [base_s100] step 8750/10000 loss 1.486 ppl 4.42 (1207s)
C:\Users\Timeroot\AppData\Local\Packages\PythonSoftwareFoundation.Python.3.13_qbz5n2kfra8p0\LocalCache\local-packages\Python313\site-packages\torch\nn\modules\rnn.py:1415: UserWarning: RNN module weights are not part of single contiguous chunk of memory. This means they need to be compacted at every call, possibly greatly increasing memory usage. To compact weights again call flatten_parameters(). (Triggered internally at C:\actions-runner\_work\pytorch\pytorch\pytorch\aten\src\ATen\native\cudnn\RNN.cpp:1480.)
  result = _VF.gru(
  DONE gru/base_s100/seed0: 84.8KB (i8 70.0+pke 0.00+f32 14.7) float 4.426 int8 ppl 4.436 t1 0.566 t3 0.771 [appended]
  RUN  gru/base_s170/seed0 (steps=10000 B=512 L=96)
    [base_s170] step 0/10000 loss 4.348 ppl 77.31 (0s)
    [base_s170] step 1250/10000 loss 1.503 ppl 4.49 (188s)
    [base_s170] step 2500/10000 loss 1.429 ppl 4.17 (373s)
    [base_s170] step 3750/10000 loss 1.376 ppl 3.96 (564s)
    [base_s170] step 5000/10000 loss 1.389 ppl 4.01 (750s)
    [base_s170] step 6250/10000 loss 1.374 ppl 3.95 (936s)
    [base_s170] step 7500/10000 loss 1.362 ppl 3.90 (1124s)
    [base_s170] step 8750/10000 loss 1.358 ppl 3.89 (1314s)
  DONE gru/base_s170/seed0: 172.3KB (i8 153.5+pke 0.00+f32 18.8) float 3.859 int8 ppl 3.863 t1 0.601 t3 0.796 [appended]
  RUN  gru/base_s260/seed0 (steps=10000 B=512 L=96)
    [base_s260] step 0/10000 loss 4.286 ppl 72.65 (0s)
    [base_s260] step 1250/10000 loss 1.406 ppl 4.08 (191s)
    [base_s260] step 2500/10000 loss 1.346 ppl 3.84 (383s)
    [base_s260] step 3750/10000 loss 1.321 ppl 3.75 (576s)
    [base_s260] step 5000/10000 loss 1.312 ppl 3.71 (768s)
    [base_s260] step 6250/10000 loss 1.309 ppl 3.70 (960s)
    [base_s260] step 7500/10000 loss 1.277 ppl 3.58 (1151s)
    [base_s260] step 8750/10000 loss 1.295 ppl 3.65 (1343s)
  DONE gru/base_s260/seed0: 282.4KB (i8 259.6+pke 0.00+f32 22.8) float 3.616 int8 ppl 3.619 t1 0.619 t3 0.806 [appended]
  RUN  gru/base_s360/seed0 (steps=10000 B=512 L=96)
    [base_s360] step 0/10000 loss 4.303 ppl 73.93 (0s)
    [base_s360] step 1250/10000 loss 1.363 ppl 3.91 (221s)
    [base_s360] step 2500/10000 loss 1.314 ppl 3.72 (440s)
    [base_s360] step 3750/10000 loss 1.285 ppl 3.62 (660s)
    [base_s360] step 5000/10000 loss 1.257 ppl 3.52 (879s)
    [base_s360] step 6250/10000 loss 1.258 ppl 3.52 (1098s)
    [base_s360] step 7500/10000 loss 1.240 ppl 3.46 (1318s)
    [base_s360] step 8750/10000 loss 1.226 ppl 3.41 (1539s)
  DONE gru/base_s360/seed0: 437.4KB (i8 410.5+pke 0.00+f32 26.9) float 3.430 int8 ppl 3.433 t1 0.632 t3 0.817 [appended]
  RUN  gru/replace_sum_k7_D16_s170/seed0 (steps=10000 B=512 L=96)
    [replace_sum_k7_D16_s170] step 0/10000 loss 4.319 ppl 75.09 (0s)
    [replace_sum_k7_D16_s170] step 1250/10000 loss 1.659 ppl 5.25 (188s)
    [replace_sum_k7_D16_s170] step 2500/10000 loss 1.507 ppl 4.51 (374s)
    [replace_sum_k7_D16_s170] step 3750/10000 loss 1.483 ppl 4.41 (562s)
    [replace_sum_k7_D16_s170] step 5000/10000 loss 1.450 ppl 4.26 (763s)
    [replace_sum_k7_D16_s170] step 6250/10000 loss 1.437 ppl 4.21 (958s)
    [replace_sum_k7_D16_s170] step 7500/10000 loss 1.400 ppl 4.06 (1155s)
    [replace_sum_k7_D16_s170] step 8750/10000 loss 1.421 ppl 4.14 (1349s)
  DONE gru/replace_sum_k7_D16_s170/seed0: 173.8KB (i8 139.2+pke 15.75+f32 18.8) float 4.122 int8 ppl 4.130 t1 0.586 t3 0.785 [appended]
  RUN  gru/replace_concat_k7_D8_s170/seed0 (steps=10000 B=512 L=96)
    [replace_concat_k7_D8_s170] step 0/10000 loss 4.264 ppl 71.11 (0s)
    [replace_concat_k7_D8_s170] step 1250/10000 loss 1.584 ppl 4.88 (195s)
    [replace_concat_k7_D8_s170] step 2500/10000 loss 1.510 ppl 4.53 (400s)
    [replace_concat_k7_D8_s170] step 3750/10000 loss 1.446 ppl 4.25 (619s)
    [replace_concat_k7_D8_s170] step 5000/10000 loss 1.447 ppl 4.25 (845s)
    [replace_concat_k7_D8_s170] step 6250/10000 loss 1.432 ppl 4.19 (1073s)
    [replace_concat_k7_D8_s170] step 7500/10000 loss 1.410 ppl 4.09 (1302s)
    [replace_concat_k7_D8_s170] step 8750/10000 loss 1.419 ppl 4.13 (1533s)
