C:\Users\Timeroot\AppData\Local\Packages\PythonSoftwareFoundation.Python.3.13_qbz5n2kfra8p0\LocalCache\local-packages\Python313\site-packages\torch\nn\modules\rnn.py:1415: UserWarning: RNN module weights are not part of single contiguous chunk of memory. This means they need to be compacted at every call, possibly greatly increasing memory usage. To compact weights again call flatten_parameters(). (Triggered internally at C:\actions-runner\_work\pytorch\pytorch\pytorch\aten\src\ATen\native\cudnn\RNN.cpp:1480.)
  result = _VF.gru(
nn_460k dequant baseline: ppl 3.380 t1 0.633 t3 0.819
  skip nn_460k_sp50 (already in CSV)
  sp0.75 step 0 loss 3.643 (21s)
  sp0.75 step 1500 loss 1.516 (4329s)
  sp0.75 step 3000 loss 1.474 (4824s)
  sp0.75 step 4500 loss 1.425 (6082s)
  sp0.75 step 6000 loss 1.389 (6268s)
  sp0.75 step 7500 loss 1.413 (6447s)
  sp0.75 step 9000 loss 1.377 (6643s)
  sp0.75 step 10500 loss 1.413 (6839s)
C:\Users\Timeroot\AppData\Local\Packages\PythonSoftwareFoundation.Python.3.13_qbz5n2kfra8p0\LocalCache\local-packages\Python313\site-packages\torch\nn\modules\rnn.py:1415: UserWarning: RNN module weights are not part of single contiguous chunk of memory. This means they need to be compacted at every call, possibly greatly increasing memory usage. To compact weights again call flatten_parameters(). (Triggered internally at C:\actions-runner\_work\pytorch\pytorch\pytorch\aten\src\ATen\native\cudnn\RNN.cpp:1480.)
  result = _VF.gru(
  sparse 75%: deployed 199.4KB  ppl 4.147 t1 0.580 t3 0.783  [appended] (7026s)
  sp0.9 step 0 loss 4.360 (7027s)
  sp0.9 step 1500 loss 1.840 (7393s)
  sp0.9 step 3000 loss 1.741 (7590s)
  sp0.9 step 4500 loss 1.699 (7806s)
  sp0.9 step 6000 loss 1.677 (8018s)
  sp0.9 step 7500 loss 1.643 (8218s)
  sp0.9 step 9000 loss 1.656 (8425s)
